Flutter crash report.
Please report a bug at https://github.com/flutter/flutter/issues.

## command

flutter create --platforms=android,ios,web .

## exception

_TypeError: type 'Null' is not a subtype of type 'YamlMap' in type cast

```
#0      gatherSdkPackageDependencies (package:flutter_tools/src/commands/create.dart:1392:39)
#1      _generatePubspecLock (package:flutter_tools/src/commands/create.dart:1374:27)
#2      CreateCommand.runCommand (package:flutter_tools/src/commands/create.dart:550:5)
<asynchronous suspension>
#3      FlutterCommand.run.<anonymous closure> (package:flutter_tools/src/runner/flutter_command.dart:1630:27)
<asynchronous suspension>
#4      AppContext.run.<anonymous closure> (package:flutter_tools/src/base/context.dart:154:19)
<asynchronous suspension>
#5      CommandRunner.runCommand (package:args/command_runner.dart:212:13)
<asynchronous suspension>
#6      FlutterCommandRunner.runCommand.<anonymous closure> (package:flutter_tools/src/runner/flutter_command_runner.dart:496:9)
<asynchronous suspension>
#7      AppContext.run.<anonymous closure> (package:flutter_tools/src/base/context.dart:154:19)
<asynchronous suspension>
#8      FlutterCommandRunner.runCommand (package:flutter_tools/src/runner/flutter_command_runner.dart:431:5)
<asynchronous suspension>
#9      FlutterCommandRunner.run.<anonymous closure> (package:flutter_tools/src/runner/flutter_command_runner.dart:307:33)
<asynchronous suspension>
#10     run.<anonymous closure>.<anonymous closure> (package:flutter_tools/runner.dart:104:11)
<asynchronous suspension>
#11     AppContext.run.<anonymous closure> (package:flutter_tools/src/base/context.dart:154:19)
<asynchronous suspension>
#12     main (package:flutter_tools/executable.dart:103:3)
<asynchronous suspension>
```

## flutter doctor

```
[32m[✓][39m Flutter (Channel stable, 3.44.1, on Microsoft Windows [Version 10.0.22631.6199], locale en-NG) [266ms]
    [32m•[39m Flutter version 3.44.1 on channel stable at C:\Users\FORTUNE\Development\flutter
    [32m•[39m Upstream repository https://github.com/flutter/flutter.git
    [32m•[39m Framework revision 924134a44c (3 weeks ago), 2026-05-29 12:13:22 -0400
    [32m•[39m Engine revision c416acfeb8
    [32m•[39m Dart version 3.12.1
    [32m•[39m DevTools version 2.57.0
    [32m•[39m Feature flags: enable-web, enable-linux-desktop, enable-macos-desktop, enable-windows-desktop, enable-android,
      enable-ios, cli-animations, enable-native-assets, enable-swift-package-manager, omit-legacy-version-file,
      enable-lldb-debugging, enable-uiscene-migration

[32m[✓][39m Windows Version (11 Pro 64-bit, 23H2, 2009) [3.2s]

[32m[✓][39m Android toolchain - develop for Android devices (Android SDK version 36.0.0) [4.4s]
    [32m•[39m Android SDK at C:\Users\FORTUNE\AppData\Local\Android\sdk
    [32m•[39m Emulator version 36.4.9.0 (build_id 14788078) (CL:N/A)
    [32m•[39m Platform android-36.1, build-tools 36.0.0
    [32m•[39m Java binary at: C:\Program Files\Android\Android Studio\jbr\bin\java
      This is the JDK bundled with the latest Android Studio installation on this machine.
      To manually set the JDK path, use: `flutter config --jdk-dir="path/to/jdk"`.
    [32m•[39m Java version OpenJDK Runtime Environment (build 21.0.9+-14787801-b1163.94)
    [32m•[39m All Android licenses accepted.

[32m[✓][39m Chrome - develop for the web [13ms]
    [32m•[39m Chrome at C:\Program Files\Google\Chrome\Application\chrome.exe

[31m[✗][39m Visual Studio - develop Windows apps [11ms]
    [31m✗[39m Visual Studio not installed; this is necessary to develop Windows apps.
      Download at https://visualstudio.microsoft.com/downloads/.
      Please install the "Desktop development with C++" workload, including all of its default components

[32m[✓][39m Connected device (3 available) [242ms]
    [32m•[39m Windows (desktop) • windows • windows-x64    • Microsoft Windows [Version 10.0.22631.6199]
    [32m•[39m Chrome (web)      • chrome  • web-javascript • Google Chrome 147.0.7727.56
    [32m•[39m Edge (web)        • edge    • web-javascript • Microsoft Edge 148.0.3967.96

[32m[✓][39m Network resources [1,543ms]
    [32m•[39m All expected network resources are available.

[33m![39m Doctor found issues in 1 category.
```
